// Jest Snapshot v1, https://goo.gl/fbAQLP

exports[`Alloffice component render component 1`] = `ShallowWrapper {}`;

exports[`Office component should match snapshot 1`] = `
<Provider
  store={
    Object {
      "clearActions": [Function],
      "dispatch": [Function],
      "getActions": [Function],
      "getState": [Function],
      "replaceReducer": [Function],
      "subscribe": [Function],
    }
  }
>
  <Alloffice
    getAllOffice={[MockFunction]}
    items={Object {}}
  />
</Provider>
`;
